// Jest Snapshot v1, https://goo.gl/fbAQLP

exports[`calculateSSOFlowStatus test suite should return Authenticated 1`] = `"authenticated"`;
